// Jest Snapshot v1, https://goo.gl/fbAQLP

exports[`AppHeader renders the AppHeader 1`] = `undefined`;
